// Jest Snapshot v1, https://goo.gl/fbAQLP

exports[`<Select /> should render 1`] = `
<div
  className="mdc-select"
  role="listbox"
>
  <span
    className="mdc-select__selected-text"
  >
    Pick a food group
  </span>
  <Menu
    selectMenu={true}
  >
    <MenuItem
      value="Bread, Cereal, Rice, and Pasta"
    />
    <MenuItem
      value="Vegetables"
    />
    <MenuItem
      value="Fruit"
    />
    <MenuItem
      value="Milk, Yogurt, and Cheese"
    />
    <MenuItem
      value="Meat, Poultry, Fish, Dry Beans, Eggs, and Nuts"
    />
    <MenuItem
      value="Fats, Oils, and Sweets"
    />
  </Menu>
</div>
`;

exports[`<Select /> should render disabled 1`] = `
<div
  className="mdc-select"
  role="listbox"
>
  <span
    className="mdc-select__selected-text"
  >
    Pick a food group
  </span>
  <Menu
    selectMenu={true}
  >
    <MenuItem
      value="Bread, Cereal, Rice, and Pasta"
    />
    <MenuItem
      value="Vegetables"
    />
    <MenuItem
      value="Fruit"
    />
    <MenuItem
      value="Milk, Yogurt, and Cheese"
    />
    <MenuItem
      value="Meat, Poultry, Fish, Dry Beans, Eggs, and Nuts"
    />
    <MenuItem
      value="Fats, Oils, and Sweets"
    />
  </Menu>
</div>
`;
